CHECKPOINT 04-admin-menu
CHECKPOINT 05-user-list
CHECKPOINT 06-user-added
CHECKPOINT 07-user-updated
CHECKPOINT 08-user-update-persisted
CHECKPOINT 09-user-deleted
CHECKPOINT 10-user-delete-verified
PASS admin
CHECKPOINT 11-main-menu
CHECKPOINT 12-account-before
CHECKPOINT 13-account-corrected
CHECKPOINT 14-account-saved
CHECKPOINT 15-account-persisted
PASS account
CHECKPOINT 16-card-list
CHECKPOINT 17-card-before
CHECKPOINT 18-card-saved
CHECKPOINT 19-card-persisted
PASS card
CHECKPOINT 20-transaction-list
CHECKPOINT 21-transaction-before
CHECKPOINT 22-transaction-added
CHECKPOINT 23-transaction-persisted
PASS transaction
CHECKPOINT 24-bill-before
CHECKPOINT 25-bill-confirm-required
CHECKPOINT 26-bill-paid
CHECKPOINT 27-account-paid
PASS bill
CHECKPOINT 28-report-form
CHECKPOINT 29-report-accepted
PASS report
