[INFO] Scanning for projects...
[INFO] ------------------------------------------------------------------------
[INFO] Reactor Build Order:
[INFO] 
[INFO] CardDemo Modernization                                             [pom]
[INFO] CardDemo Security                                                  [jar]
[INFO] CardDemo Gateway                                                   [jar]
[INFO] 
[INFO] ----------------< com.carddemo:carddemo-modernization >-----------------
[INFO] Building CardDemo Modernization 1.0.0-SNAPSHOT                     [1/3]
[INFO]   from pom.xml
[INFO] --------------------------------[ pom ]---------------------------------
[INFO] 
[INFO] --- jacoco:0.8.12:prepare-agent (default) @ carddemo-modernization ---
[INFO] argLine set to -javaagent:/home/ubuntu/.m2/repository/org/jacoco/org.jacoco.agent/0.8.12/org.jacoco.agent-0.8.12-runtime.jar=destfile=/home/ubuntu/repos/Aws-Card-Demo2/modernization/target/jacoco.exec,excludes=com/carddemo/**/*Application.class:com/carddemo/**/config/**:com/carddemo/**/api/dto/**:com/carddemo/config/**:com/carddemo/api/dto/**:com/carddemo/persistence/entity/**
[INFO] 
[INFO] -------------------< com.carddemo:carddemo-security >-------------------
[INFO] Building CardDemo Security 1.0.0-SNAPSHOT                          [2/3]
[INFO]   from security/pom.xml
[INFO] --------------------------------[ jar ]---------------------------------
[INFO] 
[INFO] --- jacoco:0.8.12:prepare-agent (default) @ carddemo-security ---
[INFO] argLine set to -javaagent:/home/ubuntu/.m2/repository/org/jacoco/org.jacoco.agent/0.8.12/org.jacoco.agent-0.8.12-runtime.jar=destfile=/home/ubuntu/repos/Aws-Card-Demo2/modernization/security/target/jacoco.exec,excludes=com/carddemo/**/*Application.class:com/carddemo/**/config/**:com/carddemo/**/api/dto/**:com/carddemo/config/**:com/carddemo/api/dto/**:com/carddemo/persistence/entity/**
[INFO] 
[INFO] --- resources:3.3.1:resources (default-resources) @ carddemo-security ---
[INFO] skip non existing resourceDirectory /home/ubuntu/repos/Aws-Card-Demo2/modernization/security/src/main/resources
[INFO] skip non existing resourceDirectory /home/ubuntu/repos/Aws-Card-Demo2/modernization/security/src/main/resources
[INFO] 
[INFO] --- compiler:3.13.0:compile (default-compile) @ carddemo-security ---
[INFO] Nothing to compile - all classes are up to date.
[INFO] 
[INFO] --- resources:3.3.1:testResources (default-testResources) @ carddemo-security ---
[INFO] skip non existing resourceDirectory /home/ubuntu/repos/Aws-Card-Demo2/modernization/security/src/test/resources
[INFO] 
[INFO] --- compiler:3.13.0:testCompile (default-testCompile) @ carddemo-security ---
[INFO] Nothing to compile - all classes are up to date.
[INFO] 
[INFO] --- surefire:3.2.5:test (default-test) @ carddemo-security ---
[INFO] Tests are skipped.
[INFO] 
[INFO] --- jar:3.4.2:jar (default-jar) @ carddemo-security ---
[INFO] 
[INFO] -------------------< com.carddemo:carddemo-gateway >--------------------
[INFO] Building CardDemo Gateway 1.0.0-SNAPSHOT                           [3/3]
[INFO]   from gateway/pom.xml
[INFO] --------------------------------[ jar ]---------------------------------
[INFO] 
[INFO] --- jacoco:0.8.12:prepare-agent (default) @ carddemo-gateway ---
[INFO] Skipping JaCoCo execution because property jacoco.skip is set.
[INFO] argLine set to empty
[INFO] 
[INFO] --- resources:3.3.1:resources (default-resources) @ carddemo-gateway ---
[INFO] Copying 1 resource from src/main/resources to target/classes
[INFO] Copying 0 resource from src/main/resources to target/classes
[INFO] 
[INFO] --- compiler:3.13.0:compile (default-compile) @ carddemo-gateway ---
[INFO] Nothing to compile - all classes are up to date.
[INFO] 
[INFO] --- resources:3.3.1:testResources (default-testResources) @ carddemo-gateway ---
[INFO] skip non existing resourceDirectory /home/ubuntu/repos/Aws-Card-Demo2/modernization/gateway/src/test/resources
[INFO] 
[INFO] --- compiler:3.13.0:testCompile (default-testCompile) @ carddemo-gateway ---
[INFO] Nothing to compile - all classes are up to date.
[INFO] 
[INFO] --- surefire:3.2.5:test (default-test) @ carddemo-gateway ---
[INFO] Tests are skipped.
[INFO] 
[INFO] --- jar:3.4.2:jar (default-jar) @ carddemo-gateway ---
[INFO] Building jar: /home/ubuntu/repos/Aws-Card-Demo2/modernization/gateway/target/carddemo-gateway.jar
[INFO] 
[INFO] --- spring-boot:3.3.4:repackage (repackage) @ carddemo-gateway ---
[INFO] Replacing main artifact /home/ubuntu/repos/Aws-Card-Demo2/modernization/gateway/target/carddemo-gateway.jar with repackaged archive, adding nested dependencies in BOOT-INF/.
[INFO] The original artifact has been renamed to /home/ubuntu/repos/Aws-Card-Demo2/modernization/gateway/target/carddemo-gateway.jar.original
[INFO] ------------------------------------------------------------------------
[INFO] Reactor Summary for CardDemo Modernization 1.0.0-SNAPSHOT:
[INFO] 
[INFO] CardDemo Modernization ............................. SUCCESS [  0.199 s]
[INFO] CardDemo Security .................................. SUCCESS [  0.411 s]
[INFO] CardDemo Gateway ................................... SUCCESS [  0.367 s]
[INFO] ------------------------------------------------------------------------
[INFO] BUILD SUCCESS
[INFO] ------------------------------------------------------------------------
[INFO] Total time:  1.269 s
[INFO] Finished at: 2026-09-24T07:46:18Z
[INFO] ------------------------------------------------------------------------
