
  .   ____          _            __ _ _
 /\\ / ___'_ __ _ _(_)_ __  __ _ \ \ \ \
( ( )\___ | '_ | '_| | '_ \/ _` | \ \ \ \
 \\/  ___)| |_)| | | | | || (_| |  ) ) ) )
  '  |____| .__|_| |_|_| |_\__, | / / / /
 =========|_|==============|___/=/_/_/_/

 :: Spring Boot ::                (v3.3.4)

2026-09-24T07:53:36.735Z  INFO 163738 --- [carddemo-transaction-service] [           main] c.c.t.TransactionServiceApplication      : Starting TransactionServiceApplication v1.0.0-SNAPSHOT using Java 21.0.12.1 with PID 163738 (/home/ubuntu/repos/Aws-Card-Demo2/modernization/transaction-service/target/carddemo-transaction-service.jar started by ubuntu in /home/ubuntu)
2026-09-24T07:53:36.747Z  INFO 163738 --- [carddemo-transaction-service] [           main] c.c.t.TransactionServiceApplication      : No active profile set, falling back to 1 default profile: "default"
2026-09-24T07:53:37.849Z  INFO 163738 --- [carddemo-transaction-service] [           main] .s.d.r.c.RepositoryConfigurationDelegate : Bootstrapping Spring Data JPA repositories in DEFAULT mode.
2026-09-24T07:53:37.913Z  INFO 163738 --- [carddemo-transaction-service] [           main] .s.d.r.c.RepositoryConfigurationDelegate : Finished Spring Data repository scanning in 56 ms. Found 8 JPA repository interfaces.
2026-09-24T07:53:39.163Z  INFO 163738 --- [carddemo-transaction-service] [           main] o.s.b.w.embedded.tomcat.TomcatWebServer  : Tomcat initialized with port 8083 (http)
2026-09-24T07:53:39.172Z  INFO 163738 --- [carddemo-transaction-service] [           main] o.apache.catalina.core.StandardService   : Starting service [Tomcat]
2026-09-24T07:53:39.172Z  INFO 163738 --- [carddemo-transaction-service] [           main] o.apache.catalina.core.StandardEngine    : Starting Servlet engine: [Apache Tomcat/10.1.30]
2026-09-24T07:53:39.192Z  INFO 163738 --- [carddemo-transaction-service] [           main] o.a.c.c.C.[Tomcat].[localhost].[/]       : Initializing Spring embedded WebApplicationContext
2026-09-24T07:53:39.192Z  INFO 163738 --- [carddemo-transaction-service] [           main] w.s.c.ServletWebServerApplicationContext : Root WebApplicationContext: initialization completed in 2376 ms
2026-09-24T07:53:39.518Z  INFO 163738 --- [carddemo-transaction-service] [           main] com.zaxxer.hikari.HikariDataSource       : HikariPool-1 - Starting...
2026-09-24T07:53:39.728Z  INFO 163738 --- [carddemo-transaction-service] [           main] com.zaxxer.hikari.pool.HikariPool        : HikariPool-1 - Added connection org.postgresql.jdbc.PgConnection@4fbe486c
2026-09-24T07:53:39.729Z  INFO 163738 --- [carddemo-transaction-service] [           main] com.zaxxer.hikari.HikariDataSource       : HikariPool-1 - Start completed.
2026-09-24T07:53:39.749Z  INFO 163738 --- [carddemo-transaction-service] [           main] org.flywaydb.core.FlywayExecutor         : Database: jdbc:postgresql://127.0.0.1:5436/carddemo_transaction (PostgreSQL 16.15)
2026-09-24T07:53:39.812Z  INFO 163738 --- [carddemo-transaction-service] [           main] o.f.core.internal.command.DbValidate     : Successfully validated 2 migrations (execution time 00:00.038s)
2026-09-24T07:53:39.830Z  INFO 163738 --- [carddemo-transaction-service] [           main] o.f.core.internal.command.DbMigrate      : Current version of schema "public": 2
2026-09-24T07:53:39.832Z  INFO 163738 --- [carddemo-transaction-service] [           main] o.f.core.internal.command.DbMigrate      : Schema "public" is up to date. No migration necessary.
2026-09-24T07:53:39.911Z  INFO 163738 --- [carddemo-transaction-service] [           main] o.hibernate.jpa.internal.util.LogHelper  : HHH000204: Processing PersistenceUnitInfo [name: default]
2026-09-24T07:53:39.976Z  INFO 163738 --- [carddemo-transaction-service] [           main] org.hibernate.Version                    : HHH000412: Hibernate ORM core version 6.5.3.Final
2026-09-24T07:53:40.028Z  INFO 163738 --- [carddemo-transaction-service] [           main] o.h.c.internal.RegionFactoryInitiator    : HHH000026: Second-level cache disabled
2026-09-24T07:53:40.393Z  INFO 163738 --- [carddemo-transaction-service] [           main] o.s.o.j.p.SpringPersistenceUnitInfo      : No LoadTimeWeaver setup: ignoring JPA class transformer
2026-09-24T07:53:41.196Z  INFO 163738 --- [carddemo-transaction-service] [           main] o.h.e.t.j.p.i.JtaPlatformInitiator       : HHH000489: No JTA platform available (set 'hibernate.transaction.jta.platform' to enable JTA platform integration)
2026-09-24T07:53:41.215Z  INFO 163738 --- [carddemo-transaction-service] [           main] j.LocalContainerEntityManagerFactoryBean : Initialized JPA EntityManagerFactory for persistence unit 'default'
2026-09-24T07:53:41.454Z  INFO 163738 --- [carddemo-transaction-service] [           main] o.s.d.j.r.query.QueryEnhancerFactory     : Hibernate is in classpath; If applicable, HQL parser will be used.
2026-09-24T07:53:42.511Z  INFO 163738 --- [carddemo-transaction-service] [           main] o.s.b.a.e.web.EndpointLinksResolver      : Exposing 3 endpoints beneath base path '/actuator'
2026-09-24T07:53:43.352Z  INFO 163738 --- [carddemo-transaction-service] [           main] o.s.b.w.embedded.tomcat.TomcatWebServer  : Tomcat started on port 8083 (http) with context path '/'
2026-09-24T07:53:43.366Z  INFO 163738 --- [carddemo-transaction-service] [           main] c.c.t.TransactionServiceApplication      : Started TransactionServiceApplication in 7.105 seconds (process running for 7.558)
2026-09-24T07:54:29.711Z  INFO 163738 --- [carddemo-transaction-service] [0.1-8083-exec-1] o.a.c.c.C.[Tomcat].[localhost].[/]       : Initializing Spring DispatcherServlet 'dispatcherServlet'
2026-09-24T07:54:29.711Z  INFO 163738 --- [carddemo-transaction-service] [0.1-8083-exec-1] o.s.web.servlet.DispatcherServlet        : Initializing Servlet 'dispatcherServlet'
2026-09-24T07:54:29.717Z  INFO 163738 --- [carddemo-transaction-service] [0.1-8083-exec-1] o.s.web.servlet.DispatcherServlet        : Completed initialization in 6 ms
