
  .   ____          _            __ _ _
 /\\ / ___'_ __ _ _(_)_ __  __ _ \ \ \ \
( ( )\___ | '_ | '_| | '_ \/ _` | \ \ \ \
 \\/  ___)| |_)| | | | | || (_| |  ) ) ) )
  '  |____| .__|_| |_|_| |_\__, | / / / /
 =========|_|==============|___/=/_/_/_/

 :: Spring Boot ::                (v3.3.4)

2026-09-24T07:32:36.274Z  INFO 74318 --- [carddemo-gateway] [           main] com.carddemo.GatewayApplication          : Starting GatewayApplication v1.0.0-SNAPSHOT using Java 21.0.12.1 with PID 74318 (/home/ubuntu/repos/Aws-Card-Demo2/modernization/gateway/target/carddemo-gateway.jar started by ubuntu in /home/ubuntu/repos/Aws-Card-Demo2/modernization)
2026-09-24T07:32:36.277Z  INFO 74318 --- [carddemo-gateway] [           main] com.carddemo.GatewayApplication          : No active profile set, falling back to 1 default profile: "default"
2026-09-24T07:32:39.825Z  INFO 74318 --- [carddemo-gateway] [           main] o.s.cloud.context.scope.GenericScope     : BeanFactory id=1412b273-5cd1-3e9f-89c4-8b5267c3e171
2026-09-24T07:32:43.311Z  INFO 74318 --- [carddemo-gateway] [           main] o.s.c.g.r.RouteDefinitionRouteLocator    : Loaded RoutePredicateFactory [After]
2026-09-24T07:32:43.311Z  INFO 74318 --- [carddemo-gateway] [           main] o.s.c.g.r.RouteDefinitionRouteLocator    : Loaded RoutePredicateFactory [Before]
2026-09-24T07:32:43.311Z  INFO 74318 --- [carddemo-gateway] [           main] o.s.c.g.r.RouteDefinitionRouteLocator    : Loaded RoutePredicateFactory [Between]
2026-09-24T07:32:43.311Z  INFO 74318 --- [carddemo-gateway] [           main] o.s.c.g.r.RouteDefinitionRouteLocator    : Loaded RoutePredicateFactory [Cookie]
2026-09-24T07:32:43.311Z  INFO 74318 --- [carddemo-gateway] [           main] o.s.c.g.r.RouteDefinitionRouteLocator    : Loaded RoutePredicateFactory [Header]
2026-09-24T07:32:43.311Z  INFO 74318 --- [carddemo-gateway] [           main] o.s.c.g.r.RouteDefinitionRouteLocator    : Loaded RoutePredicateFactory [Host]
2026-09-24T07:32:43.311Z  INFO 74318 --- [carddemo-gateway] [           main] o.s.c.g.r.RouteDefinitionRouteLocator    : Loaded RoutePredicateFactory [Method]
2026-09-24T07:32:43.311Z  INFO 74318 --- [carddemo-gateway] [           main] o.s.c.g.r.RouteDefinitionRouteLocator    : Loaded RoutePredicateFactory [Path]
2026-09-24T07:32:43.311Z  INFO 74318 --- [carddemo-gateway] [           main] o.s.c.g.r.RouteDefinitionRouteLocator    : Loaded RoutePredicateFactory [Query]
2026-09-24T07:32:43.311Z  INFO 74318 --- [carddemo-gateway] [           main] o.s.c.g.r.RouteDefinitionRouteLocator    : Loaded RoutePredicateFactory [ReadBody]
2026-09-24T07:32:43.311Z  INFO 74318 --- [carddemo-gateway] [           main] o.s.c.g.r.RouteDefinitionRouteLocator    : Loaded RoutePredicateFactory [RemoteAddr]
2026-09-24T07:32:43.311Z  INFO 74318 --- [carddemo-gateway] [           main] o.s.c.g.r.RouteDefinitionRouteLocator    : Loaded RoutePredicateFactory [XForwardedRemoteAddr]
2026-09-24T07:32:43.311Z  INFO 74318 --- [carddemo-gateway] [           main] o.s.c.g.r.RouteDefinitionRouteLocator    : Loaded RoutePredicateFactory [Weight]
2026-09-24T07:32:43.311Z  INFO 74318 --- [carddemo-gateway] [           main] o.s.c.g.r.RouteDefinitionRouteLocator    : Loaded RoutePredicateFactory [CloudFoundryRouteService]
2026-09-24T07:32:44.031Z  INFO 74318 --- [carddemo-gateway] [           main] o.s.b.a.e.web.EndpointLinksResolver      : Exposing 2 endpoints beneath base path '/actuator'
2026-09-24T07:32:45.178Z  INFO 74318 --- [carddemo-gateway] [           main] o.s.b.web.embedded.netty.NettyWebServer  : Netty started on port 8090 (http)
2026-09-24T07:32:45.325Z  INFO 74318 --- [carddemo-gateway] [           main] com.carddemo.GatewayApplication          : Started GatewayApplication in 10.171 seconds (process running for 11.817)
Exception in thread "SpringApplicationShutdownHook" java.lang.NoClassDefFoundError: ch/qos/logback/classic/spi/ThrowableProxy
	at ch.qos.logback.classic.spi.LoggingEvent.<init>(LoggingEvent.java:145)
	at ch.qos.logback.classic.Logger.buildLoggingEventAndAppend(Logger.java:424)
	at ch.qos.logback.classic.Logger.filterAndLog_0_Or3Plus(Logger.java:386)
	at ch.qos.logback.classic.Logger.log(Logger.java:780)
	at org.apache.commons.logging.LogAdapter$Slf4jLocationAwareLog.warn(LogAdapter.java:445)
	at org.springframework.context.support.AbstractApplicationContext.doClose(AbstractApplicationContext.java:1151)
	at org.springframework.boot.web.reactive.context.ReactiveWebServerApplicationContext.doClose(ReactiveWebServerApplicationContext.java:149)
	at org.springframework.context.support.AbstractApplicationContext.close(AbstractApplicationContext.java:1102)
	at org.springframework.boot.SpringApplicationShutdownHook.closeAndWait(SpringApplicationShutdownHook.java:145)
	at java.base/java.lang.Iterable.forEach(Iterable.java:75)
	at org.springframework.boot.SpringApplicationShutdownHook.run(SpringApplicationShutdownHook.java:114)
	at java.base/java.lang.Thread.run(Thread.java:1583)
Caused by: java.lang.ClassNotFoundException: ch.qos.logback.classic.spi.ThrowableProxy
	... 12 more
