
  .   ____          _            __ _ _
 /\\ / ___'_ __ _ _(_)_ __  __ _ \ \ \ \
( ( )\___ | '_ | '_| | '_ \/ _` | \ \ \ \
 \\/  ___)| |_)| | | | | || (_| |  ) ) ) )
  '  |____| .__|_| |_|_| |_\__, | / / / /
 =========|_|==============|___/=/_/_/_/

 :: Spring Boot ::                (v3.3.4)

2026-09-24T07:32:35.107Z  INFO 74240 --- [carddemo-identity-service] [           main] c.carddemo.IdentityServiceApplication    : Starting IdentityServiceApplication v1.0.0-SNAPSHOT using Java 21.0.12.1 with PID 74240 (/home/ubuntu/repos/Aws-Card-Demo2/modernization/identity-service/target/carddemo-identity-service.jar started by ubuntu in /home/ubuntu/repos/Aws-Card-Demo2/modernization)
2026-09-24T07:32:35.111Z  INFO 74240 --- [carddemo-identity-service] [           main] c.carddemo.IdentityServiceApplication    : No active profile set, falling back to 1 default profile: "default"
2026-09-24T07:32:38.518Z  INFO 74240 --- [carddemo-identity-service] [           main] .s.d.r.c.RepositoryConfigurationDelegate : Bootstrapping Spring Data JPA repositories in DEFAULT mode.
2026-09-24T07:32:38.639Z  INFO 74240 --- [carddemo-identity-service] [           main] .s.d.r.c.RepositoryConfigurationDelegate : Finished Spring Data repository scanning in 116 ms. Found 1 JPA repository interface.
2026-09-24T07:32:40.309Z  INFO 74240 --- [carddemo-identity-service] [           main] o.s.b.w.embedded.tomcat.TomcatWebServer  : Tomcat initialized with port 8081 (http)
2026-09-24T07:32:40.323Z  INFO 74240 --- [carddemo-identity-service] [           main] o.apache.catalina.core.StandardService   : Starting service [Tomcat]
2026-09-24T07:32:40.323Z  INFO 74240 --- [carddemo-identity-service] [           main] o.apache.catalina.core.StandardEngine    : Starting Servlet engine: [Apache Tomcat/10.1.30]
2026-09-24T07:32:40.356Z  INFO 74240 --- [carddemo-identity-service] [           main] o.a.c.c.C.[Tomcat].[localhost].[/]       : Initializing Spring embedded WebApplicationContext
2026-09-24T07:32:40.358Z  INFO 74240 --- [carddemo-identity-service] [           main] w.s.c.ServletWebServerApplicationContext : Root WebApplicationContext: initialization completed in 5186 ms
2026-09-24T07:32:41.385Z  INFO 74240 --- [carddemo-identity-service] [           main] com.zaxxer.hikari.HikariDataSource       : HikariPool-1 - Starting...
2026-09-24T07:32:41.933Z  INFO 74240 --- [carddemo-identity-service] [           main] com.zaxxer.hikari.pool.HikariPool        : HikariPool-1 - Added connection org.postgresql.jdbc.PgConnection@4e2824b1
2026-09-24T07:32:41.939Z  INFO 74240 --- [carddemo-identity-service] [           main] com.zaxxer.hikari.HikariDataSource       : HikariPool-1 - Start completed.
2026-09-24T07:32:41.999Z  INFO 74240 --- [carddemo-identity-service] [           main] org.flywaydb.core.FlywayExecutor         : Database: jdbc:postgresql://127.0.0.1:5434/carddemo_identity (PostgreSQL 16.15)
2026-09-24T07:32:42.099Z  INFO 74240 --- [carddemo-identity-service] [           main] o.f.c.i.s.JdbcTableSchemaHistory         : Schema history table "public"."flyway_schema_history" does not exist yet
2026-09-24T07:32:42.104Z  INFO 74240 --- [carddemo-identity-service] [           main] o.f.core.internal.command.DbValidate     : Successfully validated 3 migrations (execution time 00:00.036s)
2026-09-24T07:32:42.120Z  INFO 74240 --- [carddemo-identity-service] [           main] o.f.c.i.s.JdbcTableSchemaHistory         : Creating Schema History table "public"."flyway_schema_history" ...
2026-09-24T07:32:42.305Z  INFO 74240 --- [carddemo-identity-service] [           main] o.f.core.internal.command.DbMigrate      : Current version of schema "public": << Empty Schema >>
2026-09-24T07:32:42.366Z  INFO 74240 --- [carddemo-identity-service] [           main] o.f.core.internal.command.DbMigrate      : Migrating schema "public" to version "1 - create identity schema"
2026-09-24T07:32:42.464Z  INFO 74240 --- [carddemo-identity-service] [           main] o.f.core.internal.command.DbMigrate      : Migrating schema "public" to version "2 - load usrsec data"
2026-09-24T07:32:42.521Z  INFO 74240 --- [carddemo-identity-service] [           main] o.f.core.internal.command.DbMigrate      : Migrating schema "public" to version "3 - usrsec keycloak link"
2026-09-24T07:32:42.608Z  INFO 74240 --- [carddemo-identity-service] [           main] o.f.core.internal.command.DbMigrate      : Successfully applied 3 migrations to schema "public", now at version v3 (execution time 00:00.093s)
2026-09-24T07:32:42.941Z  INFO 74240 --- [carddemo-identity-service] [           main] o.hibernate.jpa.internal.util.LogHelper  : HHH000204: Processing PersistenceUnitInfo [name: default]
2026-09-24T07:32:43.108Z  INFO 74240 --- [carddemo-identity-service] [           main] org.hibernate.Version                    : HHH000412: Hibernate ORM core version 6.5.3.Final
2026-09-24T07:32:43.192Z  INFO 74240 --- [carddemo-identity-service] [           main] o.h.c.internal.RegionFactoryInitiator    : HHH000026: Second-level cache disabled
2026-09-24T07:32:44.108Z  INFO 74240 --- [carddemo-identity-service] [           main] o.s.o.j.p.SpringPersistenceUnitInfo      : No LoadTimeWeaver setup: ignoring JPA class transformer
2026-09-24T07:32:45.891Z  INFO 74240 --- [carddemo-identity-service] [           main] o.h.e.t.j.p.i.JtaPlatformInitiator       : HHH000489: No JTA platform available (set 'hibernate.transaction.jta.platform' to enable JTA platform integration)
2026-09-24T07:32:45.925Z  INFO 74240 --- [carddemo-identity-service] [           main] j.LocalContainerEntityManagerFactoryBean : Initialized JPA EntityManagerFactory for persistence unit 'default'
2026-09-24T07:32:47.648Z  INFO 74240 --- [carddemo-identity-service] [           main] o.s.b.a.e.web.EndpointLinksResolver      : Exposing 2 endpoints beneath base path '/actuator'
2026-09-24T07:32:49.048Z  INFO 74240 --- [carddemo-identity-service] [           main] o.s.b.w.embedded.tomcat.TomcatWebServer  : Tomcat started on port 8081 (http) with context path '/'
2026-09-24T07:32:49.108Z  INFO 74240 --- [carddemo-identity-service] [           main] c.carddemo.IdentityServiceApplication    : Started IdentityServiceApplication in 14.896 seconds (process running for 15.689)
2026-09-24T07:33:00.144Z  INFO 74240 --- [carddemo-identity-service] [nio-8081-exec-1] o.a.c.c.C.[Tomcat].[localhost].[/]       : Initializing Spring DispatcherServlet 'dispatcherServlet'
2026-09-24T07:33:00.144Z  INFO 74240 --- [carddemo-identity-service] [nio-8081-exec-1] o.s.web.servlet.DispatcherServlet        : Initializing Servlet 'dispatcherServlet'
2026-09-24T07:33:00.145Z  INFO 74240 --- [carddemo-identity-service] [nio-8081-exec-1] o.s.web.servlet.DispatcherServlet        : Completed initialization in 1 ms
