[INFO] Scanning for projects...
[INFO] ------------------------------------------------------------------------
[INFO] Reactor Build Order:
[INFO] 
[INFO] CardDemo Modernization                                             [pom]
[INFO] CardDemo Common                                                    [jar]
[INFO] CardDemo Security                                                  [jar]
[INFO] CardDemo Transaction Domain                                        [jar]
[INFO] CardDemo Transaction Account Client                                [jar]
[INFO] CardDemo Transaction Service                                       [jar]
[INFO] 
[INFO] ----------------< com.carddemo:carddemo-modernization >-----------------
[INFO] Building CardDemo Modernization 1.0.0-SNAPSHOT                     [1/6]
[INFO]   from pom.xml
[INFO] --------------------------------[ pom ]---------------------------------
[INFO] 
[INFO] --- jacoco:0.8.12:prepare-agent (default) @ carddemo-modernization ---
[INFO] argLine set to -javaagent:/home/ubuntu/.m2/repository/org/jacoco/org.jacoco.agent/0.8.12/org.jacoco.agent-0.8.12-runtime.jar=destfile=/home/ubuntu/repos/Aws-Card-Demo2/modernization/target/jacoco.exec,excludes=com/carddemo/**/*Application.class:com/carddemo/**/config/**:com/carddemo/**/api/dto/**:com/carddemo/config/**:com/carddemo/api/dto/**:com/carddemo/persistence/entity/**
[INFO] 
[INFO] --------------------< com.carddemo:carddemo-common >--------------------
[INFO] Building CardDemo Common 1.0.0-SNAPSHOT                            [2/6]
[INFO]   from common/pom.xml
[INFO] --------------------------------[ jar ]---------------------------------
[INFO] 
[INFO] --- jacoco:0.8.12:prepare-agent (default) @ carddemo-common ---
[INFO] argLine set to -javaagent:/home/ubuntu/.m2/repository/org/jacoco/org.jacoco.agent/0.8.12/org.jacoco.agent-0.8.12-runtime.jar=destfile=/home/ubuntu/repos/Aws-Card-Demo2/modernization/common/target/jacoco.exec,excludes=com/carddemo/**/*Application.class:com/carddemo/**/config/**:com/carddemo/**/api/dto/**:com/carddemo/config/**:com/carddemo/api/dto/**:com/carddemo/persistence/entity/**
[INFO] 
[INFO] --- resources:3.3.1:resources (default-resources) @ carddemo-common ---
[INFO] Copying 0 resource from src/main/resources to target/classes
[INFO] Copying 5 resources from src/main/resources to target/classes
[INFO] 
[INFO] --- compiler:3.13.0:compile (default-compile) @ carddemo-common ---
[INFO] Nothing to compile - all classes are up to date.
[INFO] 
[INFO] --- resources:3.3.1:testResources (default-testResources) @ carddemo-common ---
[INFO] skip non existing resourceDirectory /home/ubuntu/repos/Aws-Card-Demo2/modernization/common/src/test/resources
[INFO] 
[INFO] --- compiler:3.13.0:testCompile (default-testCompile) @ carddemo-common ---
[INFO] Nothing to compile - all classes are up to date.
[INFO] 
[INFO] --- surefire:3.2.5:test (default-test) @ carddemo-common ---
[INFO] Tests are skipped.
[INFO] 
[INFO] --- jar:3.4.2:jar (default-jar) @ carddemo-common ---
[INFO] 
[INFO] -------------------< com.carddemo:carddemo-security >-------------------
[INFO] Building CardDemo Security 1.0.0-SNAPSHOT                          [3/6]
[INFO]   from security/pom.xml
[INFO] --------------------------------[ jar ]---------------------------------
[INFO] 
[INFO] --- jacoco:0.8.12:prepare-agent (default) @ carddemo-security ---
[INFO] argLine set to -javaagent:/home/ubuntu/.m2/repository/org/jacoco/org.jacoco.agent/0.8.12/org.jacoco.agent-0.8.12-runtime.jar=destfile=/home/ubuntu/repos/Aws-Card-Demo2/modernization/security/target/jacoco.exec,excludes=com/carddemo/**/*Application.class:com/carddemo/**/config/**:com/carddemo/**/api/dto/**:com/carddemo/config/**:com/carddemo/api/dto/**:com/carddemo/persistence/entity/**
[INFO] 
[INFO] --- resources:3.3.1:resources (default-resources) @ carddemo-security ---
[INFO] skip non existing resourceDirectory /home/ubuntu/repos/Aws-Card-Demo2/modernization/security/src/main/resources
[INFO] skip non existing resourceDirectory /home/ubuntu/repos/Aws-Card-Demo2/modernization/security/src/main/resources
[INFO] 
[INFO] --- compiler:3.13.0:compile (default-compile) @ carddemo-security ---
[INFO] Nothing to compile - all classes are up to date.
[INFO] 
[INFO] --- resources:3.3.1:testResources (default-testResources) @ carddemo-security ---
[INFO] skip non existing resourceDirectory /home/ubuntu/repos/Aws-Card-Demo2/modernization/security/src/test/resources
[INFO] 
[INFO] --- compiler:3.13.0:testCompile (default-testCompile) @ carddemo-security ---
[INFO] Nothing to compile - all classes are up to date.
[INFO] 
[INFO] --- surefire:3.2.5:test (default-test) @ carddemo-security ---
[INFO] Tests are skipped.
[INFO] 
[INFO] --- jar:3.4.2:jar (default-jar) @ carddemo-security ---
[INFO] 
[INFO] --------------< com.carddemo:carddemo-transaction-domain >--------------
[INFO] Building CardDemo Transaction Domain 1.0.0-SNAPSHOT                [4/6]
[INFO]   from transaction-domain/pom.xml
[INFO] --------------------------------[ jar ]---------------------------------
[INFO] 
[INFO] --- jacoco:0.8.12:prepare-agent (default) @ carddemo-transaction-domain ---
[INFO] argLine set to -javaagent:/home/ubuntu/.m2/repository/org/jacoco/org.jacoco.agent/0.8.12/org.jacoco.agent-0.8.12-runtime.jar=destfile=/home/ubuntu/repos/Aws-Card-Demo2/modernization/transaction-domain/target/jacoco.exec,excludes=com/carddemo/**/*Application.class:com/carddemo/**/config/**:com/carddemo/**/api/dto/**:com/carddemo/config/**:com/carddemo/api/dto/**:com/carddemo/persistence/entity/**
[INFO] 
[INFO] --- resources:3.3.1:resources (default-resources) @ carddemo-transaction-domain ---
[INFO] skip non existing resourceDirectory /home/ubuntu/repos/Aws-Card-Demo2/modernization/transaction-domain/src/main/resources
[INFO] skip non existing resourceDirectory /home/ubuntu/repos/Aws-Card-Demo2/modernization/transaction-domain/src/main/resources
[INFO] 
[INFO] --- compiler:3.13.0:compile (default-compile) @ carddemo-transaction-domain ---
[INFO] Nothing to compile - all classes are up to date.
[INFO] 
[INFO] --- resources:3.3.1:testResources (default-testResources) @ carddemo-transaction-domain ---
[INFO] skip non existing resourceDirectory /home/ubuntu/repos/Aws-Card-Demo2/modernization/transaction-domain/src/test/resources
[INFO] 
[INFO] --- compiler:3.13.0:testCompile (default-testCompile) @ carddemo-transaction-domain ---
[INFO] Nothing to compile - all classes are up to date.
[INFO] 
[INFO] --- surefire:3.2.5:test (default-test) @ carddemo-transaction-domain ---
[INFO] Tests are skipped.
[INFO] 
[INFO] --- jar:3.4.2:jar (default-jar) @ carddemo-transaction-domain ---
[INFO] 
[INFO] --- jar:3.4.2:test-jar (test-jar) @ carddemo-transaction-domain ---
[INFO] 
[INFO] --------------< com.carddemo:carddemo-transaction-client >--------------
[INFO] Building CardDemo Transaction Account Client 1.0.0-SNAPSHOT        [5/6]
[INFO]   from transaction-client/pom.xml
[INFO] --------------------------------[ jar ]---------------------------------
[INFO] 
[INFO] --- jacoco:0.8.12:prepare-agent (default) @ carddemo-transaction-client ---
[INFO] argLine set to -javaagent:/home/ubuntu/.m2/repository/org/jacoco/org.jacoco.agent/0.8.12/org.jacoco.agent-0.8.12-runtime.jar=destfile=/home/ubuntu/repos/Aws-Card-Demo2/modernization/transaction-client/target/jacoco.exec,excludes=com/carddemo/**/*Application.class:com/carddemo/**/config/**:com/carddemo/**/api/dto/**:com/carddemo/config/**:com/carddemo/api/dto/**:com/carddemo/persistence/entity/**
[INFO] 
[INFO] --- resources:3.3.1:resources (default-resources) @ carddemo-transaction-client ---
[INFO] skip non existing resourceDirectory /home/ubuntu/repos/Aws-Card-Demo2/modernization/transaction-client/src/main/resources
[INFO] skip non existing resourceDirectory /home/ubuntu/repos/Aws-Card-Demo2/modernization/transaction-client/src/main/resources
[INFO] 
[INFO] --- compiler:3.13.0:compile (default-compile) @ carddemo-transaction-client ---
[INFO] Nothing to compile - all classes are up to date.
[INFO] 
[INFO] --- resources:3.3.1:testResources (default-testResources) @ carddemo-transaction-client ---
[INFO] skip non existing resourceDirectory /home/ubuntu/repos/Aws-Card-Demo2/modernization/transaction-client/src/test/resources
[INFO] 
[INFO] --- compiler:3.13.0:testCompile (default-testCompile) @ carddemo-transaction-client ---
[INFO] No sources to compile
[INFO] 
[INFO] --- surefire:3.2.5:test (default-test) @ carddemo-transaction-client ---
[INFO] Tests are skipped.
[INFO] 
[INFO] --- jar:3.4.2:jar (default-jar) @ carddemo-transaction-client ---
[INFO] 
[INFO] -------------< com.carddemo:carddemo-transaction-service >--------------
[INFO] Building CardDemo Transaction Service 1.0.0-SNAPSHOT               [6/6]
[INFO]   from transaction-service/pom.xml
[INFO] --------------------------------[ jar ]---------------------------------
[INFO] 
[INFO] --- jacoco:0.8.12:prepare-agent (default) @ carddemo-transaction-service ---
[INFO] argLine set to -javaagent:/home/ubuntu/.m2/repository/org/jacoco/org.jacoco.agent/0.8.12/org.jacoco.agent-0.8.12-runtime.jar=destfile=/home/ubuntu/repos/Aws-Card-Demo2/modernization/transaction-service/target/jacoco.exec,excludes=com/carddemo/**/*Application.class:com/carddemo/**/config/**:com/carddemo/**/api/dto/**:com/carddemo/config/**:com/carddemo/api/dto/**:com/carddemo/persistence/entity/**
[INFO] 
[INFO] --- resources:3.3.1:resources (default-resources) @ carddemo-transaction-service ---
[INFO] Copying 1 resource from src/main/resources to target/classes
[INFO] Copying 3 resources from src/main/resources to target/classes
[INFO] 
[INFO] --- compiler:3.13.0:compile (default-compile) @ carddemo-transaction-service ---
[INFO] Nothing to compile - all classes are up to date.
[INFO] 
[INFO] --- resources:3.3.1:testResources (default-testResources) @ carddemo-transaction-service ---
[INFO] Copying 1 resource from src/test/resources to target/test-classes
[INFO] 
[INFO] --- compiler:3.13.0:testCompile (default-testCompile) @ carddemo-transaction-service ---
[INFO] Nothing to compile - all classes are up to date.
[INFO] 
[INFO] --- surefire:3.2.5:test (default-test) @ carddemo-transaction-service ---
[INFO] Tests are skipped.
[INFO] 
[INFO] --- jar:3.4.2:jar (default-jar) @ carddemo-transaction-service ---
[INFO] Building jar: /home/ubuntu/repos/Aws-Card-Demo2/modernization/transaction-service/target/carddemo-transaction-service.jar
[INFO] 
[INFO] --- spring-boot:3.3.4:repackage (repackage) @ carddemo-transaction-service ---
[INFO] Replacing main artifact /home/ubuntu/repos/Aws-Card-Demo2/modernization/transaction-service/target/carddemo-transaction-service.jar with repackaged archive, adding nested dependencies in BOOT-INF/.
[INFO] The original artifact has been renamed to /home/ubuntu/repos/Aws-Card-Demo2/modernization/transaction-service/target/carddemo-transaction-service.jar.original
[INFO] ------------------------------------------------------------------------
[INFO] Reactor Summary for CardDemo Modernization 1.0.0-SNAPSHOT:
[INFO] 
[INFO] CardDemo Modernization ............................. SUCCESS [  0.248 s]
[INFO] CardDemo Common .................................... SUCCESS [  0.783 s]
[INFO] CardDemo Security .................................. SUCCESS [  0.104 s]
[INFO] CardDemo Transaction Domain ........................ SUCCESS [  0.094 s]
[INFO] CardDemo Transaction Account Client ................ SUCCESS [  0.060 s]
[INFO] CardDemo Transaction Service ....................... SUCCESS [  0.363 s]
[INFO] ------------------------------------------------------------------------
[INFO] BUILD SUCCESS
[INFO] ------------------------------------------------------------------------
[INFO] Total time:  2.192 s
[INFO] Finished at: 2026-09-24T07:53:26Z
[INFO] ------------------------------------------------------------------------
